components/forms/report-ledger/export-progress-dialog.tsx(10,26): error TS2307: Cannot find module '@/components/ui/progress' or its corresponding type declarations.
components/forms/report-ledger/export-progress-dialog.tsx(18,10): error TS2459: Module '"./use-report-ledger"' declares 'buildSelectQuery' locally, but it is not exported.
components/forms/report-ledger/report-ledger-form.tsx(50,12): error TS2739: Type '{ filters: ReportLedgerFilters; visibleColumns: string[]; locationOptions: { label: string; value: string; description?: string | undefined; }[]; itemOptions: { label: string; value: string; description?: string | undefined; }[]; ... 12 more ...; onLoadMoreItems: () => void; }' is missing the following properties from type 'TableFilterBarProps': currentFilterString, totalCount
